Timestamp: 2026-05-13 01:21:40 UTC

=== FREE -m ===
               total        used        free      shared  buff/cache   available
Mem:            7940        4888        1637           0        1722        3052
Swap:           4095        3504         591

=== SWAPON ===
NAME      TYPE SIZE USED PRIO
/swapfile file   4G 3.4G   -2

=== DF -h ===
Filesystem      Size  Used Avail Use% Mounted on
/dev/sda1        96G   80G   17G  83% /

=== DOCKER PS ===
NAMES        STATUS       SIZE
os-discord   Up 3 days    298MB (virtual 5.5GB)
os-webhook   Up 2 weeks   575kB (virtual 6.92GB)

=== TOP 10 MEM ===
PID=3692383  RSS=745MB  9.3%  VS Code Extension Host
PID=3694648  RSS=573MB  7.2%  VS Code Pylance
PID=4143861  RSS=480MB  6.0%  Claude Code CLI
PID=1980923  RSS=292MB  3.6%  discord_bot.py
PID=1834713  RSS=232MB  2.9%  zombie pytest #1 (May08)
PID=1838249  RSS=231MB  2.9%  zombie pytest #2 (May08)
PID=1841258  RSS=227MB  2.8%  zombie pytest #3 (May08)
PID=1815332  RSS=226MB  2.8%  zombie pytest #4 (May08)
PID=1813633  RSS=217MB  2.7%  zombie pytest #5 (May08)
PID=1846899  RSS=184MB  2.3%  zombie pytest #6 (May08)

=== DOCKER STATS ===
NAME         MEM USAGE / LIMIT     MEM %
os-discord   294.7MiB / 7.755GiB   3.71%
os-webhook   10.8MiB / 7.755GiB    0.14%

=== ZOMBIE PYTEST PROCESSES ===
Count: 15 processes
Total RSS: ~1705 MB
All started: May 8, 2026
All in Sl state (sleeping, multi-threaded)
CPU time: 0:06–0:09 each (no forward progress)

=== PRESSURE GATE STATE ===
load_per_cpu: 0.05
swap_pct: 85.5%
pressure: critical
allow_execution: BLOCKED (swap > 80%)
allow_agent_spawn: BLOCKED (swap > 50%)

=== GEMINI API TEST ===
429 RESOURCE_EXHAUSTED
Quota: generativelanguage.googleapis.com/generate_content_free_tier_requests
Limit: 20 requests/day per model (FREE TIER)
quotaId: GenerateRequestsPerDayPerProjectPerModel-FreeTier
